
[CONFIG]
SEPARATOR=_

[TABLE]
VEHICLES=TUK:AUTOINCREMENT
VEHICLES.CHASSIS_NUM=I4
VEHICLES.CLASS=A1
VEHICLES.COLOR=A10
VEHICLES.CURR_CODE=A3
VEHICLES.DATE_ACQ=N8
VEHICLES.LEASE_PUR=A1
VEHICLES.MAKE=A20
VEHICLES.MODEL=A20
VEHICLES.MODEL_YEAR_MAKE=A24;YEAR(1:4);MAKE(1:20)
VEHICLES.PERSONNEL_ID=A8
VEHICLES.REG_NUM=A15
VEHICLES.YEAR=N4
VEHICLES_MAINT_COST=TUK;M_OCCURS
VEHICLES_MAINT_COST.MAINT_COST=N7

;EMPLOYEES=TUK:AUTOINCREMENT:PROTECTED
EMPLOYEES=TUK:AUTOINCREMENT
EMPLOYEES.AREA_CODE=A6
EMPLOYEES.BIRTH=N11
EMPLOYEES.CITY=A20
EMPLOYEES.COUNTRY=A3
EMPLOYEES.DEPARTMENT=A4:IOEXPR;DEPT(1:4):NULLSUPPRESS
EMPLOYEES.DEPT=A6
EMPLOYEES.DEPT_PERSON=A26:IOEXPR;DEPT(1:6):NULLSUPPRESS;NAME(1:20):NULLSUPPRESS
EMPLOYEES.FIRST_NAME=A20
EMPLOYEES.JOB_TITLE=A25
EMPLOYEES.LEAVE_DUE=N2
EMPLOYEES.LEAVE_LEFT=B4:IOEXPR:UNIQUE;LEAVE_DUE(1:2);LEAVE_TAKEN(1:2):NULLSUPPRESS
EMPLOYEES.LEAVE_TAKEN=N2
EMPLOYEES.MAR_STAT=A1
EMPLOYEES.MIDDLE_I=A20
EMPLOYEES.NAME=A20
EMPLOYEES.PERSONNEL_ID=A8
EMPLOYEES.PHONE=A15
EMPLOYEES.SEX=A1
EMPLOYEES.ZIP=A10
EMPLOYEES_AI_ADDRESS_LINE=TUK;M_OCCURS
EMPLOYEES_AI_ADDRESS_LINE.ADDRESS_LINE=A20
EMPLOYEES_AZ_LANG=TUK;M_OCCURS
EMPLOYEES_AZ_LANG.LANG=A3
EMPLOYEES_INCOME=TUK;P_OCCURS
EMPLOYEES_INCOME.CURRENCY_SALARY=A12:IOEXPR;CURR_CODE(1:3):NULLSUPPRESS;SALARY(1:9):NULLSUPPRESS
EMPLOYEES_INCOME.CURR_CODE=A3
EMPLOYEES_INCOME.SALARY=N9
EMPLOYEES_INCOME_BONUS=TUK;P_OCCURS;M_OCCURS
EMPLOYEES_INCOME_BONUS.BONUS=N9
EMPLOYEES_LEAVE_BOOKED=TUK;P_OCCURS
EMPLOYEES_LEAVE_BOOKED.LEAVE_END=N8
EMPLOYEES_LEAVE_BOOKED.LEAVE_START=N8


[DDM]
EMPLOYEES=EMPLOYEES;EMPLOYEES_AI_ADDRESS_LINE;EMPLOYEES_INCOME;EMPLOYEES_INCOME_BONUS;EMPLOYEES_LEAVE_BOOKED;EMPLOYEES_AZ_LANG
EMPLOYEES.ADDRESS-LINE=EMPLOYEES_AI_ADDRESS_LINE.ADDRESS_LINE
EMPLOYEES.AREA-CODE=EMPLOYEES.AREA_CODE
EMPLOYEES.BIRTH=EMPLOYEES.BIRTH
EMPLOYEES.BONUS=EMPLOYEES_INCOME_BONUS.BONUS
EMPLOYEES.CITY=EMPLOYEES.CITY
EMPLOYEES.COUNTRY=EMPLOYEES.COUNTRY
EMPLOYEES.CURR-CODE=EMPLOYEES_INCOME.CURR_CODE
EMPLOYEES.CURRENCY-SALARY=EMPLOYEES_INCOME.CURRENCY_SALARY
EMPLOYEES.DEPARTMENT=EMPLOYEES.DEPARTMENT
EMPLOYEES.DEPT=EMPLOYEES.DEPT
EMPLOYEES.DEPT-PERSON=EMPLOYEES.DEPT_PERSON
EMPLOYEES.FIRST-NAME=EMPLOYEES.FIRST_NAME
EMPLOYEES.INCOME=EMPLOYEES_INCOME
EMPLOYEES.JOB-TITLE=EMPLOYEES.JOB_TITLE
EMPLOYEES.LANG=EMPLOYEES_AZ_LANG.LANG
EMPLOYEES.LEAVE-BOOKED=EMPLOYEES_LEAVE_BOOKED
EMPLOYEES.LEAVE-DUE=EMPLOYEES.LEAVE_DUE
EMPLOYEES.LEAVE-END=EMPLOYEES_LEAVE_BOOKED.LEAVE_END
EMPLOYEES.LEAVE-LEFT=EMPLOYEES.LEAVE_LEFT
EMPLOYEES.LEAVE-START=EMPLOYEES_LEAVE_BOOKED.LEAVE_START
EMPLOYEES.LEAVE-TAKEN=EMPLOYEES.LEAVE_TAKEN
EMPLOYEES.MAR-STAT=EMPLOYEES.MAR_STAT
EMPLOYEES.MIDDLE-I=EMPLOYEES.MIDDLE_I
EMPLOYEES.MIDDLE-NAME=EMPLOYEES.MIDDLE_I
EMPLOYEES.N@BIRTH=EMPLOYEES.BIRTH
EMPLOYEES.NAME=EMPLOYEES.NAME
EMPLOYEES.PERSONNEL-ID=EMPLOYEES.PERSONNEL_ID
EMPLOYEES.PHONE=EMPLOYEES.PHONE
EMPLOYEES.POST-CODE=EMPLOYEES.ZIP
EMPLOYEES.SALARY=EMPLOYEES_INCOME.SALARY
EMPLOYEES.SEX=EMPLOYEES.SEX
EMPLOYEES.ZIP=EMPLOYEES.ZIP

VEHICLES=VEHICLES;VEHICLES_MAINT_COST
VEHICLES.CHASSIS-NUM=VEHICLES.CHASSIS_NUM
VEHICLES.CLASS=VEHICLES.CLASS
VEHICLES.COLOR=VEHICLES.COLOR
VEHICLES.COLOUR=VEHICLES.COLOR
VEHICLES.CURR-CODE=VEHICLES.CURR_CODE
VEHICLES.DATE-ACQ=VEHICLES.DATE_ACQ
VEHICLES.LEASE-PUR=VEHICLES.LEASE_PUR
VEHICLES.MAINT-COST=VEHICLES_MAINT_COST.MAINT_COST
VEHICLES.MAKE=VEHICLES.MAKE
VEHICLES.MODEL=VEHICLES.MODEL
VEHICLES.MODEL-YEAR-MAKE=VEHICLES.MODEL_YEAR_MAKE
VEHICLES.PERSONNEL-ID=VEHICLES.PERSONNEL_ID
VEHICLES.REG-NUM=VEHICLES.REG_NUM
VEHICLES.YEAR=VEHICLES.YEAR
